[27m[24m[2m[1m# Unformatted Error Output:[27m[24m[22m
[2m# [22m[2mFile "tests/__tests__/refmterr/__fixtures__/type_IncompatibleType/type_IncompatibleType_1.ml", line 1, characters 3-6:[22m
[2m# [22m[2mError: This expression has type int but an expression was expected of type[22m
[2m# [22m[2m         bool[22m


[7m[24m[22m[1m[31m ERROR [27m[24m[22m[39m [27m[4m[22m[36mtests/__tests__/refmterr/__fixtures__/type_IncompatibleType/type_IncompatibleType_1.ml[27m[24m[22m[39m[27m[4m[22m[2m:1 3-6[27m[24m[22m 

[27m[24m[22m[2m[31m1 â”† [27m[24m[22m[39m[27m[24m[22m[2m[33mif[27m[24m[22m[39m[27m[24m[22m[2m [27m[24m[22m[27m[4m[22m[1m[31m123[27m[24m[22m[39m[27m[24m[22m[2m then [27m[24m[22m[27m[24m[22m[2m[32m"asd"[27m[24m[22m[39m[27m[24m[22m[2m [27m[24m[22m[27m[24m[22m[2m[33melse[27m[24m[22m[39m[27m[24m[22m[2m [27m[24m[22m[27m[24m[22m[2m[32m"a"[27m[24m[22m[39m

[1mThis type doesn't match what is expected.[22m

  This type: [27m[24m[22m[1m[31mint[27m[24m[22m[39m
  Expecting: [27m[24m[22m[1m[32mbool[27m[24m[22m[39m



